[07:10:23] [Client thread/ERROR]: Can't find the resource index file: assets\indexes\1.8.json
[07:10:23] [Client thread/INFO]: Setting user: LemonClient359
[07:10:23] [Client thread/INFO]: (Session ID is token:0:LemonClient359)
[07:10:24] [Client thread/INFO]: [OptiFine] *** Reflector Forge ***
[07:10:24] [Client thread/INFO]: [OptiFine] (Reflector) Class not present: net.minecraftforge.client.model.Attributes
[07:10:24] [Client thread/INFO]: [OptiFine] (Reflector) Class not present: mods.betterfoliage.client.BetterFoliageClient
[07:10:24] [Client thread/INFO]: [OptiFine] (Reflector) Class not present: net.minecraftforge.fml.common.asm.transformers.BlamingTransformer
[07:10:24] [Client thread/INFO]: [OptiFine] (Reflector) Class not present: net.minecraftforge.event.world.ChunkWatchEvent$UnWatch
[07:10:24] [Client thread/INFO]: [OptiFine] (Reflector) Class not present: net.minecraftforge.fml.relauncher.CoreModManager
[07:10:24] [Client thread/INFO]: [OptiFine] (Reflector) Class not present: net.minecraftforge.common.DimensionManager
[07:10:24] [Client thread/INFO]: [OptiFine] (Reflector) Class not present: net.minecraftforge.client.event.GuiScreenEvent$DrawScreenEvent$Pre
[07:10:24] [Client thread/INFO]: [OptiFine] (Reflector) Class not present: net.minecraftforge.client.event.GuiScreenEvent$DrawScreenEvent$Post
[07:10:24] [Client thread/INFO]: [OptiFine] (Reflector) Class not present: net.minecraftforge.client.event.EntityViewRenderEvent$CameraSetup
[07:10:24] [Client thread/INFO]: [OptiFine] (Reflector) Class not present: net.minecraftforge.client.event.EntityViewRenderEvent$FogColors
[07:10:24] [Client thread/INFO]: [OptiFine] (Reflector) Class not present: net.minecraftforge.fml.common.eventhandler.Event
[07:10:24] [Client thread/INFO]: [OptiFine] (Reflector) Class not present: net.minecraftforge.fml.common.eventhandler.EventBus
[07:10:24] [Client thread/INFO]: [OptiFine] (Reflector) Class not present: net.minecraftforge.fml.common.eventhandler.Event$Result
[07:10:24] [Client thread/INFO]: [OptiFine] (Reflector) Class not present: net.minecraftforge.common.property.ExtendedBlockState
[07:10:24] [Client thread/INFO]: [OptiFine] (Reflector) Class not present: net.minecraftforge.fml.client.FMLClientHandler
[07:10:24] [Client thread/INFO]: [OptiFine] (Reflector) Class not present: net.minecraftforge.fml.common.FMLCommonHandler
[07:10:24] [Client thread/INFO]: [OptiFine] (Reflector) Method not present: net.minecraft.world.biome.BiomeGenBase.getWaterColorMultiplier
[07:10:24] [Client thread/INFO]: [OptiFine] (Reflector) Method not present: net.minecraft.block.Block.addDestroyEffects
[07:10:24] [Client thread/INFO]: [OptiFine] (Reflector) Method not present: net.minecraft.block.Block.addHitEffects
[07:10:24] [Client thread/INFO]: [OptiFine] (Reflector) Method not present: net.minecraft.block.Block.canCreatureSpawn
[07:10:24] [Client thread/INFO]: [OptiFine] (Reflector) Method not present: net.minecraft.block.Block.canRenderInLayer
[07:10:24] [Client thread/INFO]: [OptiFine] (Reflector) Method not present: net.minecraft.block.Block.doesSideBlockRendering
[07:10:24] [Client thread/INFO]: [OptiFine] (Reflector) Method not present: net.minecraft.block.Block.getBedDirection
[07:10:24] [Client thread/INFO]: [OptiFine] (Reflector) Method not present: net.minecraft.block.Block.getExtendedState
[07:10:24] [Client thread/INFO]: [OptiFine] (Reflector) Method not present: net.minecraft.block.Block.hasTileEntity
[07:10:24] [Client thread/INFO]: [OptiFine] (Reflector) Method not present: net.minecraft.block.Block.isAir
[07:10:24] [Client thread/INFO]: [OptiFine] (Reflector) Method not present: net.minecraft.block.Block.isBed
[07:10:24] [Client thread/INFO]: [OptiFine] (Reflector) Method not present: net.minecraft.block.Block.isBedFoot
[07:10:24] [Client thread/INFO]: [OptiFine] (Reflector) Method not present: net.minecraft.block.Block.isSideSolid
[07:10:24] [Client thread/INFO]: [OptiFine] (Reflector) Method not present: net.minecraft.entity.Entity.canRiderInteract
[07:10:24] [Client thread/INFO]: [OptiFine] (Reflector) Field not present: net.minecraft.entity.Entity.captureDrops
[07:10:24] [Client thread/INFO]: [OptiFine] (Reflector) Field not present: net.minecraft.entity.Entity.capturedDrops
[07:10:24] [Client thread/INFO]: [OptiFine] (Reflector) Method not present: net.minecraft.entity.Entity.shouldRenderInPass
[07:10:24] [Client thread/INFO]: [OptiFine] (Reflector) Method not present: net.minecraft.entity.Entity.shouldRiderSit
[07:10:24] [Client thread/INFO]: [OptiFine] (Reflector) Class not present: net.minecraftforge.event.ForgeEventFactory
[07:10:24] [Client thread/INFO]: [OptiFine] (Reflector) Class not present: net.minecraftforge.common.ForgeHooks
[07:10:24] [Client thread/INFO]: [OptiFine] (Reflector) Class not present: net.minecraftforge.client.ForgeHooksClient
[07:10:24] [Client thread/INFO]: [OptiFine] (Reflector) Method not present: net.minecraft.item.Item.getDurabilityForDisplay
[07:10:24] [Client thread/INFO]: [OptiFine] (Reflector) Method not present: net.minecraft.item.Item.getModel
[07:10:24] [Client thread/INFO]: [OptiFine] (Reflector) Method not present: net.minecraft.item.Item.onEntitySwing
[07:10:24] [Client thread/INFO]: [OptiFine] (Reflector) Method not present: net.minecraft.item.Item.shouldCauseReequipAnimation
[07:10:24] [Client thread/INFO]: [OptiFine] (Reflector) Method not present: net.minecraft.item.Item.showDurabilityBar
[07:10:24] [Client thread/INFO]: [OptiFine] (Reflector) Method not present: net.minecraft.item.ItemRecord.getRecordResource
[07:10:24] [Client thread/INFO]: [OptiFine] (Reflector) Class not present: net.minecraftforge.common.ForgeModContainer
[07:10:24] [Client thread/INFO]: [OptiFine] (Reflector) Method not present: net.minecraft.potion.PotionEffect.isCurativeItem
[07:10:24] [Client thread/INFO]: [OptiFine] (Reflector) Method not present: net.minecraft.tileentity.TileEntity.canRenderBreaking
[07:10:24] [Client thread/INFO]: [OptiFine] (Reflector) Method not present: net.minecraft.tileentity.TileEntity.getRenderBoundingBox
[07:10:24] [Client thread/INFO]: [OptiFine] (Reflector) Method not present: net.minecraft.tileentity.TileEntity.hasFastRenderer
[07:10:24] [Client thread/INFO]: [OptiFine] (Reflector) Method not present: net.minecraft.tileentity.TileEntity.shouldRenderInPass
[07:10:24] [Client thread/INFO]: [OptiFine] (Reflector) Method not present: net.minecraft.client.renderer.tileentity.TileEntityRendererDispatcher.preDrawBatch
[07:10:24] [Client thread/INFO]: [OptiFine] (Reflector) Method not present: net.minecraft.client.renderer.tileentity.TileEntityRendererDispatcher.drawBatch
[07:10:24] [Client thread/INFO]: [OptiFine] (Reflector) Method not present: net.minecraft.client.renderer.vertex.VertexFormatElement$EnumUsage.preDraw
[07:10:24] [Client thread/INFO]: [OptiFine] (Reflector) Method not present: net.minecraft.client.renderer.vertex.VertexFormatElement$EnumUsage.postDraw
[07:10:24] [Client thread/INFO]: [OptiFine] (Reflector) Method not present: net.minecraft.world.World.countEntities
[07:10:24] [Client thread/INFO]: [OptiFine] (Reflector) Method not present: net.minecraft.world.World.getPerWorldStorage
[07:10:24] [Client thread/INFO]: [OptiFine] (Reflector) Method not present: net.minecraft.world.WorldProvider.getCloudRenderer
[07:10:24] [Client thread/INFO]: [OptiFine] (Reflector) Method not present: net.minecraft.world.WorldProvider.getSkyRenderer
[07:10:24] [Client thread/INFO]: [OptiFine] (Reflector) Method not present: net.minecraft.world.WorldProvider.getWeatherRenderer
[07:10:24] [Client thread/INFO]: [OptiFine] (Reflector) Class not present: net.minecraftforge.fml.client.GuiModList
[07:10:24] [Client thread/INFO]: [OptiFine] (Reflector) Class not present: net.minecraftforge.client.model.IColoredBakedQuad
[07:10:24] [Client thread/INFO]: [OptiFine] (Reflector) Class not present: net.minecraftforge.common.property.IExtendedBlockState
[07:10:24] [Client thread/INFO]: [OptiFine] (Reflector) Class not present: net.minecraftforge.client.IRenderHandler
[07:10:24] [Client thread/INFO]: [OptiFine] (Reflector) Class not present: net.minecraftforge.client.model.ISmartBlockModel
[07:10:24] [Client thread/INFO]: [OptiFine] (Reflector) Class not present: net.minecraftforge.client.ItemModelMesherForge
[07:10:24] [Client thread/INFO]: [OptiFine] (Reflector) Class not present: net.minecraft.launchwrapper.Launch
[07:10:24] [Client thread/INFO]: [OptiFine] (Reflector) Class not present: net.minecraftforge.client.model.pipeline.LightUtil
[07:10:24] [Client thread/INFO]: [OptiFine] (Reflector) Class not present: net.minecraftforge.common.MinecraftForge
[07:10:24] [Client thread/INFO]: [OptiFine] (Reflector) Class not present: net.minecraftforge.client.MinecraftForgeClient
[07:10:24] [Client thread/INFO]: [OptiFine] (Reflector) Class not present: net.minecraftforge.client.model.ModelLoader
[07:10:24] [Client thread/INFO]: [OptiFine] (Reflector) Class not present: net.minecraftforge.client.event.RenderBlockOverlayEvent$OverlayType
[07:10:24] [Client thread/INFO]: [OptiFine] (Reflector) Class not present: net.minecraftforge.fml.client.registry.RenderingRegistry
[07:10:24] [Client thread/INFO]: [OptiFine] (Reflector) Class not present: net.minecraftforge.client.event.RenderItemInFrameEvent
[07:10:24] [Client thread/INFO]: [OptiFine] (Reflector) Class not present: net.minecraftforge.client.event.RenderLivingEvent$Pre
[07:10:24] [Client thread/INFO]: [OptiFine] (Reflector) Class not present: net.minecraftforge.client.event.RenderLivingEvent$Post
[07:10:24] [Client thread/INFO]: [OptiFine] (Reflector) Class not present: net.minecraftforge.client.event.RenderLivingEvent$Specials$Pre
[07:10:24] [Client thread/INFO]: [OptiFine] (Reflector) Class not present: net.minecraftforge.client.event.RenderLivingEvent$Specials$Post
[07:10:24] [Client thread/INFO]: [OptiFine] (Reflector) Class not present: net.minecraftforge.fml.client.SplashProgress
[07:10:24] [Client thread/INFO]: [OptiFine] (Reflector) Class not present: net.minecraftforge.event.world.WorldEvent$Load
[07:10:24] [Client thread/INFO]: [OptiFine] *** Reflector Vanilla ***
[07:10:24] [Client thread/INFO]: [OptiFine] (Reflector) Class not present: optifine.OptiFineClassTransformer
[07:10:24] [Client thread/INFO]: LWJGL Version: 2.9.4
[07:10:25] [Client thread/INFO]: [OptiFine] 
[07:10:25] [Client thread/INFO]: [OptiFine] OptiFine_1.8.8_HD_U_H8
[07:10:25] [Client thread/INFO]: [OptiFine] Build: null
[07:10:25] [Client thread/INFO]: [OptiFine] OS: Windows 10 (amd64) version 10.0
[07:10:25] [Client thread/INFO]: [OptiFine] Java: 17.0.7, Azul Systems, Inc.
[07:10:25] [Client thread/INFO]: [OptiFine] VM: OpenJDK 64-Bit Server VM (mixed mode, sharing), Azul Systems, Inc.
[07:10:25] [Client thread/INFO]: [OptiFine] LWJGL: 2.9.4
[07:10:25] [Client thread/INFO]: [OptiFine] OpenGL: Radeon RX 570 Series, version 4.6.13596 Compatibility Profile Context 20.10.35.02 27.20.1034.6, ATI Technologies Inc.
[07:10:25] [Client thread/INFO]: [OptiFine] OpenGL Version: 4.6.13596
[07:10:25] [Client thread/INFO]: [OptiFine] OpenGL Fancy fog: Not available (GL_NV_fog_distance)
[07:10:25] [Client thread/INFO]: [OptiFine] Maximum texture size: 16384x16384
[07:10:25] [Thread-4/INFO]: [OptiFine] Checking for new version
[07:10:25] [Client thread/INFO]: [Shaders] ShadersMod version: 2.4.12
[07:10:25] [Client thread/INFO]: [Shaders] OpenGL Version: 4.6.13596 Compatibility Profile Context 20.10.35.02 27.20.1034.6
[07:10:25] [Client thread/INFO]: [Shaders] Vendor:  ATI Technologies Inc.
[07:10:25] [Client thread/INFO]: [Shaders] Renderer: Radeon RX 570 Series
[07:10:25] [Client thread/INFO]: [Shaders] Capabilities:  2.0  2.1  3.0  3.2  4.0 
[07:10:25] [Client thread/INFO]: [Shaders] GL_MAX_DRAW_BUFFERS: 8
[07:10:25] [Client thread/INFO]: [Shaders] GL_MAX_COLOR_ATTACHMENTS_EXT: 8
[07:10:25] [Client thread/INFO]: [Shaders] GL_MAX_TEXTURE_IMAGE_UNITS: 32
[07:10:25] [Client thread/INFO]: [Shaders] Load ShadersMod configuration.
[07:10:25] [Client thread/INFO]: [Shaders] Save ShadersMod configuration.
[07:10:25] [Client thread/INFO]: [Shaders] Shaders can not be loaded, Fast Render is enabled.
[07:10:25] [Client thread/INFO]: [Shaders] No shaderpack loaded.
[07:10:25] [Thread-4/INFO]: [OptiFine] Version found: I7
[07:10:25] [Client thread/INFO]: Reloading ResourceManager: Default
[07:10:25] [Client thread/INFO]: [OptiFine] *** Reloading textures ***
[07:10:25] [Client thread/INFO]: [OptiFine] Resource packs: Default
[07:10:25] [Client thread/ERROR]: Couldn't initialize twitch stream
[07:10:25] [Sound Library Loader/INFO]: Starting up SoundSystem...
[07:10:25] [Thread-5/INFO]: Initializing LWJGL OpenAL
[07:10:25] [Thread-5/INFO]: (The LWJGL binding of OpenAL.  For more information, see http://www.lwjgl.org)
[07:10:25] [Thread-5/INFO]: OpenAL initialized.
[07:10:26] [Sound Library Loader/INFO]: Sound engine started
[07:10:27] [Client thread/INFO]: [OptiFine] Mipmap levels: 4
[07:10:27] [Client thread/INFO]: [OptiFine] Multitexture: false
[07:10:27] [Client thread/INFO]: [OptiFine] ConnectedTextures: mcpatcher/ctm/default/0_glass_white/glass_pane_white.properties
[07:10:27] [Client thread/INFO]: [OptiFine] ConnectedTextures: mcpatcher/ctm/default/0_glass_white/glass_white.properties
[07:10:27] [Client thread/INFO]: [OptiFine] ConnectedTextures: mcpatcher/ctm/default/10_glass_purple/glass_pane_purple.properties
[07:10:27] [Client thread/INFO]: [OptiFine] ConnectedTextures: mcpatcher/ctm/default/10_glass_purple/glass_purple.properties
[07:10:27] [Client thread/INFO]: [OptiFine] ConnectedTextures: mcpatcher/ctm/default/11_glass_blue/glass_blue.properties
[07:10:27] [Client thread/INFO]: [OptiFine] ConnectedTextures: mcpatcher/ctm/default/11_glass_blue/glass_pane_blue.properties
[07:10:27] [Client thread/INFO]: [OptiFine] ConnectedTextures: mcpatcher/ctm/default/12_glass_brown/glass_brown.properties
[07:10:27] [Client thread/INFO]: [OptiFine] ConnectedTextures: mcpatcher/ctm/default/12_glass_brown/glass_pane_brown.properties
[07:10:27] [Client thread/INFO]: [OptiFine] ConnectedTextures: mcpatcher/ctm/default/13_glass_green/glass_green.properties
[07:10:27] [Client thread/INFO]: [OptiFine] ConnectedTextures: mcpatcher/ctm/default/13_glass_green/glass_pane_green.properties
[07:10:27] [Client thread/INFO]: [OptiFine] ConnectedTextures: mcpatcher/ctm/default/14_glass_red/glass_pane_red.properties
[07:10:27] [Client thread/INFO]: [OptiFine] ConnectedTextures: mcpatcher/ctm/default/14_glass_red/glass_red.properties
[07:10:27] [Client thread/INFO]: [OptiFine] ConnectedTextures: mcpatcher/ctm/default/15_glass_black/glass_black.properties
[07:10:27] [Client thread/INFO]: [OptiFine] ConnectedTextures: mcpatcher/ctm/default/15_glass_black/glass_pane_black.properties
[07:10:27] [Client thread/INFO]: [OptiFine] ConnectedTextures: mcpatcher/ctm/default/1_glass_orange/glass_orange.properties
[07:10:27] [Client thread/INFO]: [OptiFine] ConnectedTextures: mcpatcher/ctm/default/1_glass_orange/glass_pane_orange.properties
[07:10:27] [Client thread/INFO]: [OptiFine] ConnectedTextures: mcpatcher/ctm/default/2_glass_magenta/glass_magenta.properties
[07:10:27] [Client thread/INFO]: [OptiFine] ConnectedTextures: mcpatcher/ctm/default/2_glass_magenta/glass_pane_magenta.properties
[07:10:27] [Client thread/INFO]: [OptiFine] ConnectedTextures: mcpatcher/ctm/default/3_glass_light_blue/glass_light_blue.properties
[07:10:27] [Client thread/INFO]: [OptiFine] ConnectedTextures: mcpatcher/ctm/default/3_glass_light_blue/glass_pane_light_blue.properties
[07:10:27] [Client thread/INFO]: [OptiFine] ConnectedTextures: mcpatcher/ctm/default/4_glass_yellow/glass_pane_yellow.properties
[07:10:27] [Client thread/INFO]: [OptiFine] ConnectedTextures: mcpatcher/ctm/default/4_glass_yellow/glass_yellow.properties
[07:10:27] [Client thread/INFO]: [OptiFine] ConnectedTextures: mcpatcher/ctm/default/5_glass_lime/glass_lime.properties
[07:10:27] [Client thread/INFO]: [OptiFine] ConnectedTextures: mcpatcher/ctm/default/5_glass_lime/glass_pane_lime.properties
[07:10:27] [Client thread/INFO]: [OptiFine] ConnectedTextures: mcpatcher/ctm/default/6_glass_pink/glass_pane_pink.properties
[07:10:27] [Client thread/INFO]: [OptiFine] ConnectedTextures: mcpatcher/ctm/default/6_glass_pink/glass_pink.properties
[07:10:27] [Client thread/INFO]: [OptiFine] ConnectedTextures: mcpatcher/ctm/default/7_glass_gray/glass_gray.properties
[07:10:27] [Client thread/INFO]: [OptiFine] ConnectedTextures: mcpatcher/ctm/default/7_glass_gray/glass_pane_gray.properties
[07:10:27] [Client thread/INFO]: [OptiFine] ConnectedTextures: mcpatcher/ctm/default/8_glass_silver/glass_pane_silver.properties
[07:10:27] [Client thread/INFO]: [OptiFine] ConnectedTextures: mcpatcher/ctm/default/8_glass_silver/glass_silver.properties
[07:10:27] [Client thread/INFO]: [OptiFine] ConnectedTextures: mcpatcher/ctm/default/9_glass_cyan/glass_cyan.properties
[07:10:27] [Client thread/INFO]: [OptiFine] ConnectedTextures: mcpatcher/ctm/default/9_glass_cyan/glass_pane_cyan.properties
[07:10:27] [Client thread/INFO]: [OptiFine] ConnectedTextures: mcpatcher/ctm/default/bookshelf.properties
[07:10:27] [Client thread/INFO]: [OptiFine] ConnectedTextures: mcpatcher/ctm/default/glass.properties
[07:10:27] [Client thread/INFO]: [OptiFine] ConnectedTextures: mcpatcher/ctm/default/glasspane.properties
[07:10:27] [Client thread/INFO]: [OptiFine] ConnectedTextures: mcpatcher/ctm/default/sandstone.properties
[07:10:27] [Client thread/INFO]: [OptiFine] Multipass connected textures: false
[07:10:28] [Client thread/INFO]: Created: 1024x512 textures-atlas
[07:10:29] [Client thread/INFO]: [OptiFine] *** Reloading custom textures ***
[07:10:29] [Client thread/INFO]: [OptiFine] Enable face culling: acacia_leaves, birch_leaves, dark_oak_leaves, jungle_leaves, oak_leaves, spruce_leaves
[07:10:35] [Client thread/WARN]: Unable to play unknown soundEvent: minecraft:music.menu
[07:10:42] [Client thread/WARN]: Unable to play unknown soundEvent: minecraft:gui.button.press
[07:10:43] [Client thread/WARN]: Unable to play unknown soundEvent: minecraft:gui.button.press
[07:10:44] [Client thread/WARN]: Unable to play unknown soundEvent: minecraft:gui.button.press
[07:10:44] [Client thread/WARN]: Unable to play unknown soundEvent: minecraft:gui.button.press
[07:10:45] [Client thread/WARN]: Unable to play unknown soundEvent: minecraft:gui.button.press
[07:10:45] [Server thread/INFO]: Starting integrated minecraft server version 1.8.8
[07:10:45] [Server thread/INFO]: Generating keypair
[07:10:45] [Server thread/INFO]: Converting map!
[07:10:45] [Server thread/INFO]: Scanning folders...
[07:10:45] [Server thread/INFO]: Total conversion count is 0
[07:10:45] [Server thread/INFO]: Preparing start region for level 0
[07:10:46] [Server thread/INFO]: Preparing spawn area: 13%
[07:10:47] [Server thread/INFO]: Preparing spawn area: 31%
[07:10:48] [Server thread/INFO]: Preparing spawn area: 56%
[07:10:49] [Server thread/INFO]: Preparing spawn area: 79%
[07:10:50] [Server thread/INFO]: Changing view distance to 8, from 10
[07:10:50] [Server thread/INFO]: LemonClient359[local:E:2b17a4b2] logged in with entity id 207 at (131.5, 63.0, 277.5)
[07:10:50] [Server thread/INFO]: LemonClient359 joined the game
[07:10:50] [Client thread/INFO]: [CHAT] A new §eOptiFine§f version is available: §eHD Ultra I7§f
[07:10:51] [Client thread/WARN]: Unable to play unknown soundEvent: minecraft:mob.bat.takeoff
[07:10:51] [Client thread/WARN]: Unable to play unknown soundEvent: minecraft:mob.bat.takeoff
[07:10:53] [Server thread/INFO]: Saving and pausing game...
[07:10:53] [Server thread/INFO]: Saving chunks for level 'New World'/Overworld
[07:10:54] [Server thread/INFO]: Saving chunks for level 'New World'/Nether
[07:10:54] [Server thread/INFO]: Saving chunks for level 'New World'/The End
[07:10:59] [Client thread/INFO]: Stopping!
[07:10:59] [Client thread/INFO]: SoundSystem shutting down...
[07:10:59] [Server thread/INFO]: Stopping server
[07:10:59] [Server thread/INFO]: Saving players
[07:10:59] [Server thread/INFO]: Saving worlds
[07:10:59] [Server thread/INFO]: Saving chunks for level 'New World'/Overworld
[07:10:59] [Server thread/INFO]: Saving chunks for level 'New World'/Nether
[07:10:59] [Server thread/INFO]: Saving chunks for level 'New World'/The End
[07:10:59] [Client thread/WARN]: Author: Paul Lamb, www.paulscode.com
